***** External Functions *****
1    AddFolderIcon                                      isrt.obl(Shell.obs)
2    AppSearch                                          isrt.obl(Driver.obs)
3    CCPSearch                                          isrt.obl(Driver.obs)
4    CloseFile                                          isrt.obl(Files.obs)
5    CmdGetHwndDlg                                      isrt.obl(CustomDlg.obs)
6    ComponentErrorInfo                                 isrt.obl(component.obs)
7    ComponentFilterLanguage                            isrt.obl(component.obs)
8    ComponentFilterOS                                  isrt.obl(component.obs)
9    ComponentIsItemSelected                            isrt.obl(component.obs)
10   ComponentListItems                                 isrt.obl(component.obs)
11   ComponentRemoveAll                                 isrt.obl(component.obs)
12   ComponentSaveTarget                                isrt.obl(component.obs)
13   ComponentSelectItem                                isrt.obl(component.obs)
14   ComponentTransferData                              isrt.obl(component.obs)
15   ComponentTreeInit                                  isrt.obl(Dialogs.obs)
16   CreateDir                                          isrt.obl(Files.obs)
17   CreateFile                                         isrt.obl(Files.obs)
18   CreateInstallationInfo                             isrt.obl(Registry.obs)
19   CreateRegistrySet                                  isrt.obl(component.obs)
20   CtrlGetCurSel                                      isrt.obl(CustomDlg.obs)
21   CtrlGetState                                       isrt.obl(CustomDlg.obs)
22   CtrlGetText                                        isrt.obl(CustomDlg.obs)
23   CtrlPGroups                                        isrt.obl(CustomDlg.obs)
24   CtrlSelectText                                     isrt.obl(CustomDlg.obs)
25   CtrlSetCurSel                                      isrt.obl(CustomDlg.obs)
26   CtrlSetList                                        isrt.obl(CustomDlg.obs)
27   CtrlSetState                                       isrt.obl(CustomDlg.obs)
28   CtrlSetText                                        isrt.obl(CustomDlg.obs)
29   DefineDialog                                       isrt.obl(CustomDlg.obs)
30   DeleteFile                                         isrt.obl(Files.obs)
31   DialogSetDefaultFont                               isrt.obl(Dialogs.obs)
32   DialogSetFont                                      isrt.obl(Dialogs.obs)
33   DialogSetInfo                                      isrt.obl(Dialogs.obs)
34   Disable                                            isrt.obl(Enable.obs)
35   DllSizeOf                                          isrt.obl(Str.obs)
36   Do                                                 isrt.obl(Misc.obs)
37   Enable                                             isrt.obl(Enable.obs)
38   EndDialog                                          isrt.obl(CustomDlg.obs)
39   EnterDisk                                          isrt.obl(EnterDisk.obs)
40   ExistsDir                                          isrt.obl(Files.obs)
41   ExistsDisk                                         isrt.obl(Files.obs)
42   ExitInstall                                        isrt.obl(Driver.obs)
43   EzDefineDialog                                     isrt.obl(CustomDlg.obs)
44   FinalConstruct                                     ifx.obl(Events.obs)
45   FinalRelease                                       ifx.obl(Events.obs)
46   FindFile                                           isrt.obl(Files.obs)
47   FormatMessage                                      isrt.obl(Misc.obs)
48   GDI32.CreateRectRgn                                isrt.obl(AskDestPath.obs)
49   GDI32.GetDeviceCaps                                isrt.obl(AskDestPath.obs)
50   GetBillboard                                       isrt.obl(SysVars.obs)
51   GetCommonFiles                                     isrt.obl(SysVars.obs)
52   GetDialogTitle                                     isrt.obl(Dialogs.obs)
53   GetDir                                             isrt.obl(Str.obs)
54   GetDisk                                            isrt.obl(Str.obs)
55   GetDiskSpace                                       isrt.obl(GSI.obs)
56   GetDiskSpaceEx                                     isrt.obl(GSI.obs)
57   GetErrorMsg                                        isrt.obl(Dialogs.obs)
58   GetErrorTitle                                      isrt.obl(Dialogs.obs)
59   GetExtents                                         isrt.obl(GSI.obs)
60   GetFolderDesktop                                   isrt.obl(SysVars.obs)
61   GetFolderNameList                                  isrt.obl(Shell.obs)
62   GetFolderPrograms                                  isrt.obl(SysVars.obs)
63   GetISRes                                           isrt.obl(SysVars.obs)
64   GetLog                                             isrt.obl(SysVars.obs)
65   GetMaintenance                                     isrt.obl(SysVars.obs)
66   GetOpenFileMode                                    isrt.obl(Files.obs)
67   GetProductGUID                                     isrt.obl(SysVars.obs)
68   GetProfString                                      isrt.obl(Profile.obs)
69   GetProgramFiles                                    isrt.obl(SysVars.obs)
70   GetSelectedLanguage                                isrt.obl(SysVars.obs)
71   GetSupportDir                                      isrt.obl(SysVars.obs)
72   GetSystemInfo                                      isrt.obl(GSI.obs)
73   GetWinDir                                          isrt.obl(SysVars.obs)
74   GetWinSysDir                                       isrt.obl(SysVars.obs)
75   GetWindowHandle                                    isrt.obl(Misc.obs)
76   HIWORD                                             isrt.obl(Misc.obs)
77   HexStrToNum                                        isrt.obl(Str.obs)
78   ISDeterminePlatform                                isrt.obl(OsInfo.obs)
79   ISMIF32.InstallStatusMIF                           isrt.obl(MIF.obs)
80   ISRT.AddIcon                                       isrt.obl(Shell.obs)
81   ISRT.ComponentViewSetInfoEx                        isrt.obl(Dialogs.obs)
82   ISRT.EnableHourGlass                               isrt.obl(Enable.obs)
83   ISRT.EnumFoldersItems                              isrt.obl(Shell.obs)
84   ISRT.GetCPUType                                    isrt.obl(GSI.obs)
85   ISRT.GetFontSub                                    isrt.obl(Dialogs.obs)
86   ISRT.GetHandle                                     Setup.Obs
87   ISRT.GetPorts                                      isrt.obl(GSI.obs)
88   ISRT.IsEmpty                                       Setup.Obs
89   ISRT.IsNTAdmin                                     isrt.obl(Is.obs)
90   ISRT.IsObject                                      Setup.Obs
91   ISRT.LangLoadString                                isrt.obl(SDINT.obs)
92   ISRT.MessageBeepP                                  Setup.Obs
93   ISRT.PathCompactPathPixel                          isrt.obl(CustomDlg.obs)
94   ISRT.PathGetDir                                    isrt.obl(Str.obs)
95   ISRT.PathGetDrive                                  isrt.obl(Str.obs)
96   ISRT.PathGetFile                                   isrt.obl(Str.obs)
97   ISRT.PathGetFileExt                                isrt.obl(Str.obs)
98   ISRT.PathGetFileName                               isrt.obl(Str.obs)
99   ISRT.PathGetPath                                   isrt.obl(Str.obs)
100  ISRT.PathGetSpecialFolder                          isrt.obl(SysVars.obs)
101  ISRT.PathIsValidSyntax                             isrt.obl(Is.obs)
102  ISRT._AppSearch                                    Setup.Obs
103  ISRT._BrowseForFolder                              isrt.obl(SelectDir.obs)
104  ISRT._CCPSearch                                    Setup.Obs
105  ISRT._CleanupInet                                  isrt.obl(MIO.obs)
106  ISRT._CloseFile                                    isrt.obl(Files.obs)
107  ISRT._CmdGetHwndDlg                                isrt.obl(CustomDlg.obs)
108  ISRT._ComponentErrorInfo                           isrt.obl(component.obs)
109  ISRT._ComponentFilterLanguage                      isrt.obl(component.obs)
110  ISRT._ComponentFilterOS                            isrt.obl(component.obs)
111  ISRT._ComponentIsItemSelected                      isrt.obl(component.obs)
112  ISRT._ComponentListItems                           isrt.obl(component.obs)
113  ISRT._ComponentRemoveAll                           isrt.obl(component.obs)
114  ISRT._ComponentSaveTarget                          isrt.obl(component.obs)
115  ISRT._ComponentSelectItem                          isrt.obl(component.obs)
116  ISRT._ComponentTransferData                        isrt.obl(component.obs)
117  ISRT._CreateDir                                    isrt.obl(Files.obs)
118  ISRT._CreateRegistrySet                            isrt.obl(component.obs)
119  ISRT._DefineDialog                                 isrt.obl(CustomDlg.obs)
120  ISRT._DialogSetFont                                isrt.obl(Dialogs.obs)
121  ISRT._DisableStatus                                isrt.obl(Enable.obs)
122  ISRT._DoSprintf                                    isrt.obl(MsgBox.obs)
123  ISRT._EnableDialogCache                            isrt.obl(Enable.obs)
124  ISRT._EnablePrevDialog                             isrt.obl(AskDestPath.obs)
125  ISRT._EnableStatus                                 isrt.obl(Enable.obs)
126  ISRT._EndDialog                                    isrt.obl(CustomDlg.obs)
127  ISRT._ExistsDir                                    isrt.obl(Files.obs)
128  ISRT._ExistsDisk                                   isrt.obl(Files.obs)
129  ISRT._ExistsFile                                   isrt.obl(Files.obs)
130  ISRT._ExitInstall                                  Setup.Obs
131  ISRT._GetDiskSpaceEx                               isrt.obl(GSI.obs)
132  ISRT._GetSupportDir                                isrt.obl(SysVars.obs)
133  ISRT._InetEndofTransfer                            isrt.obl(iftw.obs)
134  ISRT._InetGetLastError                             isrt.obl(iftw.obs)
135  ISRT._InetGetNextDisk                              isrt.obl(iftw.obs)
136  ISRT._InitInstall                                  Setup.Obs
137  ISRT._ListAddItem                                  isrt.obl(scrlist.obs)
138  ISRT._ListAddString                                isrt.obl(scrlist.obs)
139  ISRT._ListCount                                    isrt.obl(scrlist.obs)
140  ISRT._ListCreate                                   isrt.obl(scrlist.obs)
141  ISRT._ListCurrentString                            isrt.obl(scrlist.obs)
142  ISRT._ListDeleteString                             isrt.obl(scrlist.obs)
143  ISRT._ListDestroy                                  isrt.obl(scrlist.obs)
144  ISRT._ListFindString                               isrt.obl(scrlist.obs)
145  ISRT._ListGetFirstItem                             isrt.obl(scrlist.obs)
146  ISRT._ListGetFirstString                           isrt.obl(scrlist.obs)
147  ISRT._ListGetNextItem                              isrt.obl(scrlist.obs)
148  ISRT._ListGetNextString                            isrt.obl(scrlist.obs)
149  ISRT._ListGetType                                  isrt.obl(scrlist.obs)
150  ISRT._ListSetIndex                                 isrt.obl(scrlist.obs)
151  ISRT._OpenFile                                     isrt.obl(Files.obs)
152  ISRT._Rebooted                                     Setup.Obs
153  ISRT._RegCreateKey                                 isrt.obl(Registry.obs)
154  ISRT._RegQueryKeyBinaryValue                       isrt.obl(Registry.obs)
155  ISRT._RegQueryKeyValue                             isrt.obl(Registry.obs)
156  ISRT._RegSetKeyBinaryValue                         isrt.obl(Registry.obs)
157  ISRT._RegSetKeyValue                               isrt.obl(Registry.obs)
158  ISRT._ReleaseDialog                                isrt.obl(CustomDlg.obs)
159  ISRT._SetAltMainImage                              isrt.obl(Dialogs.obs)
160  ISRT._SetDisplayEffect                             isrt.obl(ui.obs)
161  ISRT._SetPaletteFile                               isrt.obl(MIO.obs)
162  ISRT._SetTitle                                     isrt.obl(ui.obs)
163  ISRT._SetupInet                                    isrt.obl(MIO.obs)
164  ISRT._ShowObjWizardPages                           isrt.obl(Objects.obs)
165  ISRT._ShowWizardPages                              Setup.Obs
166  ISRT._StatusUpdate                                 isrt.obl(ui.obs)
167  ISRT._WaitOnDialog                                 isrt.obl(CustomDlg.obs)
168  ISRT._WriteLine                                    isrt.obl(Files.obs)
169  ISRT.__CreateObjectContext                         isrt.obl(ISRTInit.obs)
170  ISRT.__GetCmdLineOptions                           isrt.obl(ISRTInit.obs)
171  ISRT.__GetContextGUID                              isrt.obl(ISRTInit.obs)
172  ISRT.__GetFileRegistrar                            isrt.obl(ISRTInit.obs)
173  ISRT.__GetInfo                                     isrt.obl(ISRTInit.obs)
174  ISRT.__GetLog                                      isrt.obl(SysVars.obs)
175  ISRT.__GetLogDB                                    isrt.obl(ISRTInit.obs)
176  ISRT.__GetMainWindow                               Setup.Obs
177  ISRT.__GetMaintenanceMode                          isrt.obl(SysVars.obs)
178  ISRT.__GetObjects                                  isrt.obl(ISRTInit.obs)
179  ISRT.__GetProductGuid                              isrt.obl(SysVars.obs)
180  ISRT.__GetProgress                                 Setup.Obs
181  ISRT.__GetReboot                                   isrt.obl(ISRTInit.obs)
182  ISRT.__GetTextSub                                  isrt.obl(ISRTInit.obs)
183  ISRT.__GetUser                                     isrt.obl(MIO.obs)
184  ISRT.__ISRTGetPropertyBag                          ifx.obl(PersistPropertyBag.obs)
185  ISRT.__ISRTReleasePropertyBag                      ifx.obl(PersistPropertyBag.obs)
186  ISRT.__LoadString                                  isrt.obl(LoadStr.obs)
187  ISRT.__ReleaseObjectContext                        isrt.obl(ISRTInit.obs)
188  ISRT.__RestoreMainLog                              isrt.obl(ISRTInit.obs)
189  ISRT.__SetComponentLog                             isrt.obl(ISRTInit.obs)
190  IfxFilterComponents                                ifx.obl(MoveData.obs)
191  IfxFinalConstruct                                  ifx.obl(EventsMIO.obs)
192  IfxFinalRelease                                    ifx.obl(EventsMIO.obs)
193  IfxInitProperties                                  ifx.obl(PersistPropertyBag.obs)
194  IfxMoveFileData                                    ifx.obl(MoveData.obs)
195  IfxOnAbortInstall                                  ifx.obl(Events.obs)
196  IfxOnAppSearch                                     ifx.obl(Events.obs)
197  IfxOnCCPSearch                                     ifx.obl(Events.obs)
198  IfxOnCanceling                                     ifx.obl(Events.obs)
199  IfxOnDisk1Installed                                ifx.obl(EventsMIO.obs)
200  IfxOnDisk1Installing                               ifx.obl(EventsMIO.obs)
201  IfxOnExitInstall                                   ifx.obl(EventsMIO.obs)
202  IfxOnFileError                                     ifx.obl(Exceptions.obs)
203  IfxOnFileLocked                                    ifx.obl(Exceptions.obs)
204  IfxOnFileReadOnly                                  ifx.obl(Exceptions.obs)
205  IfxOnHelp                                          ifx.obl(Events.obs)
206  IfxOnInitInstall                                   ifx.obl(EventsMIO.obs)
207  IfxOnInternetError                                 ifx.obl(Exceptions.obs)
208  IfxOnMD5Error                                      ifx.obl(Exceptions.obs)
209  IfxOnNextDisk                                      ifx.obl(Exceptions.obs)
210  IfxOnRebooted                                      ifx.obl(Events.obs)
211  IfxOnRemovingSharedFile                            ifx.obl(Exceptions.obs)
212  IfxOnShowWizardPages                               ifx.obl(UserInterfaceMIO.obs)
213  IfxOnTransferred                                   ifx.obl(Events.obs)
214  IfxOnTransferring                                  ifx.obl(EventsMIO.obs)
215  IfxOnUnhandledException                            ifx.obl(Events.obs)
216  IfxReadProperties                                  ifx.obl(PersistPropertyBag.obs)
217  IfxRunAfterReboot                                  ifx.obl(Driver.obs)
218  IfxWriteProperties                                 ifx.obl(PersistPropertyBag.obs)
219  InetEndofTransfer                                  isrt.obl(iftw.obs)
220  InetErrorDisplayMode                               isrt.obl(iftw.obs)
221  InetGetLastError                                   isrt.obl(iftw.obs)
222  InetNextDisk                                       isrt.obl(iftw.obs)
223  InitInstall                                        isrt.obl(Driver.obs)
224  InitProperties                                     ifx.obl(PersistPropertyBag.obs)
225  Is                                                 isrt.obl(Is.obs)
226  IsInetInstall                                      isrt.obl(iftw.obs)
227  KERNEL.GetModuleHandle                             Setup.Obs
228  KERNEL32.CloseHandle                               isrt.obl(AskDestPath.obs)
229  KERNEL32.CreateFileA                               isrt.obl(AskDestPath.obs)
230  KERNEL32.DeleteFileA                               isrt.obl(AskDestPath.obs)
231  KERNEL32.FindClose                                 isrt.obl(AskDestPath.obs)
232  KERNEL32.FindFirstFileA                            isrt.obl(AskDestPath.obs)
233  KERNEL32.FindNextFileA                             isrt.obl(AskDestPath.obs)
234  KERNEL32.FormatMessageA                            isrt.obl(AskDestPath.obs)
235  KERNEL32.GetDriveType                              isrt.obl(AskDestPath.obs)
236  KERNEL32.GetFileAttributesA                        isrt.obl(AskDestPath.obs)
237  KERNEL32.GetLocalTime                              isrt.obl(AskDestPath.obs)
238  KERNEL32.GetLocaleInfo                             isrt.obl(AskDestPath.obs)
239  KERNEL32.GetPrivateProfileString                   isrt.obl(AskDestPath.obs)
240  KERNEL32.GetPrivateProfileStringA                  isrt.obl(AskDestPath.obs)
241  KERNEL32.GetProfileStringA                         isrt.obl(AskDestPath.obs)
242  KERNEL32.GetShortPathNameA                         isrt.obl(AskDestPath.obs)
243  KERNEL32.GetSystemDefaultLCID                      isrt.obl(AskDestPath.obs)
244  KERNEL32.GetUserDefaultLangID                      isrt.obl(AskDestPath.obs)
245  KERNEL32.GetVersion                                isrt.obl(AskDestPath.obs)
246  KERNEL32.GetVersionEx                              isrt.obl(AskDestPath.obs)
247  KERNEL32.GetVolumeInformation                      isrt.obl(AskDestPath.obs)
248  KERNEL32.GetWindowsDirectory                       isrt.obl(AskDestPath.obs)
249  KERNEL32.GlobalMemoryStatus                        isrt.obl(AskDestPath.obs)
250  KERNEL32.SetFileAttributesA                        isrt.obl(AskDestPath.obs)
251  KERNEL32.WritePrivateProfileString                 isrt.obl(AskDestPath.obs)
252  KERNEL32.WritePrivateProfileStringA                isrt.obl(AskDestPath.obs)
253  KERNEL32.WriteProfileStringA                       isrt.obl(AskDestPath.obs)
254  KERNEL32.lstrlen                                   isrt.obl(AskDestPath.obs)
255  LOWORD                                             isrt.obl(Misc.obs)
256  ListAddItem                                        isrt.obl(scrlist.obs)
257  ListAddString                                      isrt.obl(scrlist.obs)
258  ListCount                                          isrt.obl(scrlist.obs)
259  ListCreate                                         isrt.obl(scrlist.obs)
260  ListCurrentString                                  isrt.obl(scrlist.obs)
261  ListDeleteString                                   isrt.obl(scrlist.obs)
262  ListDestroy                                        isrt.obl(scrlist.obs)
263  ListFindString                                     isrt.obl(scrlist.obs)
264  ListGetFirstItem                                   isrt.obl(scrlist.obs)
265  ListGetFirstString                                 isrt.obl(scrlist.obs)
266  ListGetNextItem                                    isrt.obl(scrlist.obs)
267  ListGetNextString                                  isrt.obl(scrlist.obs)
268  ListGetType                                        isrt.obl(scrlist.obs)
269  ListSetIndex                                       isrt.obl(scrlist.obs)
270  LongPathToQuote                                    isrt.obl(Str.obs)
271  LongPathToShortPath                                isrt.obl(Str.obs)
272  MAKELONG                                           isrt.obl(Misc.obs)
273  MIFCreateMIFFile                                   isrt.obl(MIF.obs)
274  MIFDeleteMIFFile                                   isrt.obl(MIF.obs)
275  MIFInitialize                                      isrt.obl(MIF.obs)
276  MIFSetInformation                                  isrt.obl(MIF.obs)
277  MIFUnInitialize                                    isrt.obl(MIF.obs)
278  MIFWasSetInformationCalled                         isrt.obl(MIF.obs)
279  MIOShutdown                                        isrt.obl(MIO.obs)
280  MIOStartup                                         isrt.obl(MIO.obs)
281  MaintenanceStart                                   isrt.obl(Registry.obs)
282  MessageBeep                                        isrt.obl(Misc.obs)
283  MessageBox                                         isrt.obl(MsgBox.obs)
284  OnAbort                                            ifx.obl(Events.obs)
285  OnAppSearch                                        ifx.obl(Events.obs)
286  OnBegin                                            ifx.obl(Events.obs)
287  OnCCPSearch                                        ifx.obl(Events.obs)
288  OnCanceling                                        ifx.obl(EventsMIO.obs)
289  OnComponentError                                   ifx.obl(Exceptions.obs)
290  OnEnd                                              ifx.obl(Events.obs)
291  OnFileError                                        ifx.obl(Exceptions.obs)
292  OnFileLocked                                       ifx.obl(Exceptions.obs)
293  OnFileReadOnly                                     ifx.obl(Exceptions.obs)
294  OnFirstUIAfter                                     Setup.Obs
295  OnFirstUIBefore                                    Setup.Obs
296  OnHelp                                             ifx.obl(Events.obs)
297  OnInternetError                                    ifx.obl(Exceptions.obs)
298  OnMD5Error                                         ifx.obl(Exceptions.obs)
299  OnMaintUIAfter                                     ifx.obl(UserInterfaceMIO.obs)
300  OnMaintUIBefore                                    Setup.Obs
301  OnMoved                                            ifx.obl(Events.obs)
302  OnMoving                                           Setup.Obs
303  OnNextDisk                                         ifx.obl(Exceptions.obs)
304  OnRebooted                                         ifx.obl(Events.obs)
305  OnRemovingSharedFile                               ifx.obl(Exceptions.obs)
306  OnSelfRegistrationError                            ifx.obl(Events.obs)
307  OnUnhandledException                               ifx.obl(Events.obs)
308  OpenFileMode                                       isrt.obl(Files.obs)
309  ParsePath                                          isrt.obl(Str.obs)
310  ProgDefGroupType                                   isrt.obl(Shell.obs)
311  ProgGetGroupType                                   isrt.obl(Shell.obs)
312  PthFixPath                                         isrt.obl(Pth.obs)
313  PthIsAbsPath                                       isrt.obl(Pth.obs)
314  ReadProperties                                     ifx.obl(PersistPropertyBag.obs)
315  Rebooted                                           isrt.obl(Driver.obs)
316  RegDBGetKeyValueEx                                 isrt.obl(Registry.obs)
317  RegDBInit                                          isrt.obl(Registry.obs)
318  RegDBQueryValue                                    isrt.obl(Registry.obs)
319  RegDBSetDefaultRoot                                isrt.obl(Registry.obs)
320  RegDBSetItem                                       isrt.obl(Registry.obs)
321  RegDBSetKeyValueEx                                 isrt.obl(Registry.obs)
322  RegDBSetValue                                      isrt.obl(Registry.obs)
323  ReleaseDialog                                      isrt.obl(CustomDlg.obs)
324  SdAskDestPath                                      isrt.obl(SDADPATH.obs)
325  SdCloseDlg                                         isrt.obl(SDINT.obs)
326  SdDlgToTop                                         isrt.obl(SDINT.obs)
327  SdDoStdButton                                      isrt.obl(SDINT.obs)
328  SdEnablement                                       isrt.obl(SDINT.obs)
329  SdError                                            isrt.obl(SDINT.obs)
330  SdExceptions                                       isrt.obl(SdExceptions.obs)
331  SdFinish                                           isrt.obl(SDFINISH.obs)
332  SdFinishEx                                         isrt.obl(SdFinishEx.obs)
333  SdFinishReboot                                     isrt.obl(SDFINBOT.obs)
334  SdGeneralInit                                      isrt.obl(SDINT.obs)
335  SdInit                                             isrt.obl(SDINT.obs)
336  SdIsShellExplorer                                  isrt.obl(SDINT.obs)
337  SdIsStdButton                                      isrt.obl(SDINT.obs)
338  SdLoadString                                       isrt.obl(SDINT.obs)
339  SdMakeName                                         isrt.obl(SDINT.obs)
340  SdPlugInProductName                                isrt.obl(SDINT.obs)
341  SdProductName                                      isrt.obl(SDPRODCT.obs)
342  SdRemoveEndSpace                                   isrt.obl(SDINT.obs)
343  SdSelectFolder                                     isrt.obl(SDSFDR.obs)
344  SdSetDlgTitle                                      isrt.obl(SDINT.obs)
345  SdSetStatic                                        isrt.obl(SDINT.obs)
346  SdUnInit                                           isrt.obl(SDINT.obs)
347  SdVerifyFolder                                     isrt.obl(SDINT.obs)
348  SdWelcome                                          isrt.obl(SDWEL.obs)
349  SelectDir                                          isrt.obl(SelectDir.obs)
350  SelectDirNoLog                                     isrt.obl(SelectDir.obs)
351  SendMessage                                        isrt.obl(Misc.obs)
352  SetCmdLine                                         isrt.obl(SysVars.obs)
353  SetDialogTitle                                     isrt.obl(Dialogs.obs)
354  SetDisplayEffect                                   isrt.obl(ui.obs)
355  SetFolderDesktop                                   isrt.obl(SysVars.obs)
356  SetFolderPrograms                                  isrt.obl(SysVars.obs)
357  SetFolderStartMenu                                 isrt.obl(SysVars.obs)
358  SetFolderStartup                                   isrt.obl(SysVars.obs)
359  SetInstallationInfo                                isrt.obl(Registry.obs)
360  SetStatusWindow                                    isrt.obl(ui.obs)
361  SetTitle                                           isrt.obl(ui.obs)
362  ShowObjWizardPages                                 isrt.obl(Objects.obs)
363  ShowWizardPages                                    isrt.obl(Driver.obs)
364  SilentCreateFile                                   isrt.obl(Silent.obs)
365  SilentDoGeneralInfo                                isrt.obl(Silent.obs)
366  SilentFailed                                       isrt.obl(Silent.obs)
367  SilentFinish                                       isrt.obl(Silent.obs)
368  SilentGetMode                                      isrt.obl(Silent.obs)
369  SilentInit                                         isrt.obl(Silent.obs)
370  SilentLogWriteData                                 isrt.obl(Silent.obs)
371  SilentReadData                                     isrt.obl(Silent.obs)
372  SilentSetInfo                                      isrt.obl(Silent.obs)
373  SilentSetMode                                      isrt.obl(Silent.obs)
374  SilentWriteData                                    isrt.obl(Silent.obs)
375  Sprintf                                            isrt.obl(Str.obs)
376  SprintfBox                                         isrt.obl(MsgBox.obs)
377  StatusUpdate                                       isrt.obl(ui.obs)
378  StrGetTokens                                       isrt.obl(Str.obs)
379  StrLength                                          isrt.obl(Str.obs)
380  StrRemoveLastSlash                                 isrt.obl(Str.obs)
381  StrRemoveSpaces                                    isrt.obl(Str.obs)
382  StrToUpper                                         isrt.obl(Str.obs)
383  SysVarsInit                                        isrt.obl(SysVars.obs)
384  SysVarsUnInit                                      isrt.obl(SysVars.obs)
385  System                                             isrt.obl(Misc.obs)
386  USER.EnableWindow                                  Setup.Obs
387  USER.GetClassName                                  Setup.Obs
388  USER.GetClientRect                                 Setup.Obs
389  USER.GetDC                                         Setup.Obs
390  USER.GetDlgItem                                    Setup.Obs
391  USER.GetFocus                                      Setup.Obs
392  USER.GetWindowLong                                 Setup.Obs
393  USER.GetWindowRect                                 Setup.Obs
394  USER.IsIconic                                      Setup.Obs
395  USER.IsWindow                                      Setup.Obs
396  USER.IsWindowVisible                               isrt.obl(AskDestPath.obs)
397  USER.MoveWindow                                    Setup.Obs
398  USER.ReleaseDC                                     Setup.Obs
399  USER.SendMessageA                                  isrt.obl(AskDestPath.obs)
400  USER.SetFocus                                      Setup.Obs
401  USER.SetForegroundWindow                           isrt.obl(AskDestPath.obs)
402  USER.SetWindowPos                                  Setup.Obs
403  USER.SetWindowText                                 Setup.Obs
404  USER.ShowWindow                                    Setup.Obs
405  USER32.CharUpperBuffA                              isrt.obl(AskDestPath.obs)
406  USER32.DrawText                                    isrt.obl(AskDestPath.obs)
407  USER32.GetSystemMetrics                            isrt.obl(AskDestPath.obs)
408  USER32.GetWindowText                               isrt.obl(AskDestPath.obs)
409  USER32.GetWindowTextLength                         isrt.obl(AskDestPath.obs)
410  USER32.MessageBoxA                                 isrt.obl(AskDestPath.obs)
411  USER32.ScreenToClient                              isrt.obl(AskDestPath.obs)
412  USER32.SendMessageA                                isrt.obl(AskDestPath.obs)
413  USER32.SetWindowLong                               isrt.obl(AskDestPath.obs)
414  USER32.SetWindowRgn                                isrt.obl(AskDestPath.obs)
415  VarRestore                                         isrt.obl(SysVars.obs)
416  VarSave                                            isrt.obl(SysVars.obs)
417  WaitOnDialog                                       isrt.obl(CustomDlg.obs)
418  WriteLine                                          isrt.obl(Files.obs)
419  WriteProfString                                    isrt.obl(Profile.obs)
420  WriteProperties                                    ifx.obl(PersistPropertyBag.obs)
421  _HandleException                                   isrt.obl(exceptions.obs)
422  _WinSubEnableControl                               isrt.obl(WINSUB.obs)
423  _WinSubEnableWindow                                isrt.obl(WINSUB.obs)
424  _WinSubGetChildWindow                              isrt.obl(WINSUB.obs)
425  _WinSubIsWindow                                    isrt.obl(WINSUB.obs)
426  __DefaultExitHandler                               isrt.obl(handlers.obs)
427  __ISRTDoExit                                       isrt.obl(Misc.obs)
428  __ISRTInit                                         isrt.obl(ISRTInit.obs)
429  __ISRTRestoreMainLog                               isrt.obl(ISRTInit.obs)
430  __ISRTSetComponentLog                              isrt.obl(ISRTInit.obs)
431  __ISRTUnInit                                       isrt.obl(ISRTInit.obs)
432  __LoadIScriptString                                isrt.obl(LoadStr.obs)
433  program                                            ifx.obl(Driver.obs)
434  sfc.SRSetRestorePoint                              Setup.Obs


***** External Variables *****
1    BATCH_INSTALL                                      Setup.Obs
2    CMDLINE                                            isrt.obl(DebugSymbols.obs)
3    COMMONFILES                                        isrt.obl(DebugSymbols.obs)
4    DISK1TARGET                                        Setup.Obs
5    ERRORFILENAME                                      Setup.Obs
6    Err                                                Setup.Obs
7    FILETIME                                           isrt.obl(AskDestPath.obs)
8    FIND_DATA                                          isrt.obl(AskDestPath.obs)
9    FOLDER_DESKTOP                                     isrt.obl(DebugSymbols.obs)
10   FOLDER_PROGRAMS                                    isrt.obl(DebugSymbols.obs)
11   FOLDER_STARTMENU                                   isrt.obl(DebugSymbols.obs)
12   FOLDER_STARTUP                                     isrt.obl(DebugSymbols.obs)
13   FileRegistrar                                      Setup.Obs
14   ISRES                                              isrt.obl(DebugSymbols.obs)
15   ISUSER                                             isrt.obl(DebugSymbols.obs)
16   ISVERSION                                          isrt.obl(DebugSymbols.obs)
17   InetSRCDIR                                         Setup.Obs
18   LAST_RESULT                                        Setup.Obs
19   LogDB                                              Setup.Obs
20   MAINTENANCE                                        isrt.obl(DebugSymbols.obs)
21   MEDIA                                              Setup.Obs
22   MEMORYSTATUS                                       isrt.obl(AskDestPath.obs)
23   MODE                                               isrt.obl(DebugSymbols.obs)
24   MainWindow                                         Setup.Obs
25   NOTHING                                            Setup.Obs
26   OSINFO_PLATFORM_INFO                               Setup.Obs
27   OSVERSIONINFO                                      isrt.obl(AskDestPath.obs)
28   Objects                                            Setup.Obs
29   PRODUCT_GUID                                       isrt.obl(DebugSymbols.obs)
30   PROGRAMFILES                                       isrt.obl(DebugSymbols.obs)
31   RECT                                               isrt.obl(AskDestPath.obs)
32   Reboot                                             Setup.Obs
33   SELECTED_LANGUAGE                                  isrt.obl(DebugSymbols.obs)
34   SHELL_OBJECT_FOLDER                                Setup.Obs
35   SRCDIR                                             Setup.Obs
36   SRCDISK                                            isrt.obl(DebugSymbols.obs)
37   SUPPORTDIR                                         isrt.obl(DebugSymbols.obs)
38   SYSTEMTIME                                         isrt.obl(AskDestPath.obs)
39   SetupInfo                                          Setup.Obs
40   StatusDlg                                          Setup.Obs
41   TARGETDIR                                          Setup.Obs
42   TARGETDISK                                         isrt.obl(DebugSymbols.obs)
43   TextSub                                            Setup.Obs
44   UNINST                                             Setup.Obs
45   UNINSTALL_STRING                                   Setup.Obs
46   WINDIR                                             isrt.obl(DebugSymbols.obs)
47   WINDISK                                            isrt.obl(DebugSymbols.obs)
48   WINSYSDIR                                          isrt.obl(DebugSymbols.obs)
49   WINSYSDISK                                         isrt.obl(DebugSymbols.obs)
50   _INT64                                             Setup.Obs
51   _RESTOREINFO_                                      Setup.Obs
52   _RESTOREPTINFO                                     Setup.Obs
53   _SMGRSTATUS                                        Setup.Obs
54   _SMGSTATUS_                                        Setup.Obs
55   _WIN9X                                             Setup.Obs
56   _WINNT                                             Setup.Obs
57   __SYSTEMINFORMATION                                Setup.Obs
58   __hContext                                         isrt.obl(AskYesNo.obs)
59   __objGlobalTextSub                                 Setup.Obs
60   __szGUID                                           isrt.obl(ISRTInit.obs)
61   bBackButton                                        Setup.Obs
62   bCancelButton                                      Setup.Obs
63   bEnterDiskBeep                                     isrt.obl(AskDestPath.obs)
64   bFinishButton                                      Setup.Obs
65   bIFXLFNoToAll                                      Setup.Obs
66   bIFXLFOnRebootToAll                                Setup.Obs
67   bIFXLFYesToAll                                     Setup.Obs
68   bIFXMD5IgnoreToAll                                 Setup.Obs
69   bIFXRONoToAll                                      Setup.Obs
70   bIFXROYesToAll                                     Setup.Obs
71   bIFXSFNoToAll                                      Setup.Obs
72   bIFXSFYesToAll                                     Setup.Obs
73   bIfxPCHInitialized                                 Setup.Obs
74   bIfxPCHOn                                          Setup.Obs
75   bInstall16                                         Setup.Obs
76   bNextButton                                        Setup.Obs
77   bSdInit                                            Setup.Obs
78   bViewCmptKunits                                    Setup.Obs
79   bViewCmptUseDecimal                                Setup.Obs
80   g_bSuppressMissingStringWarning                    isrt.obl(Enable.obs)
81   nIFXROKey                                          ifx.obl(EventsMIO.obs)
82   nIFXSFKey                                          ifx.obl(EventsMIO.obs)
83   nIfxPCHType                                        Setup.Obs
84   szAppKey                                           Setup.Obs
85   szInstallDeinstKey                                 Setup.Obs
86   szSdProduct                                        Setup.Obs
87   szSdStr_NotEnoughSpace                             Setup.Obs
